[2026-08-31 19:08:09] ========================================================
[2026-08-31 19:08:09] 李大霄价值雷达 · 本地每日更新启动
[2026-08-31 19:08:09] [1/4] 构建数据（约 100-150 秒）...
[2026-08-31 19:10:32]         0%|          | 0/1 [00:00<?, ?it/s][A[A
[2026-08-31 19:10:32]         0%|          | 0/1 [00:00<?, ?it/s][A[A[A
[2026-08-31 19:10:32]         0%|          | 0/1 [00:00<?, ?it/s][A[A[A[A
[2026-08-31 19:10:32]       100%|██████████| 1/1 [00:00<00:00,  8.45it/s][A[A[A
[2026-08-31 19:10:32]       100%|██████████| 1/1 [00:00<00:00,  7.36it/s][A
[2026-08-31 19:10:32]       100%|██████████| 1/1 [00:00<00:00,  7.21it/s]
[2026-08-31 19:10:32]       100%|██████████| 1/1 [00:00<00:00,  7.74it/s][A[A[A[A
[2026-08-31 19:10:32]       100%|██████████| 1/1 [00:00<00:00,  7.62it/s]
[2026-08-31 19:10:32]       100%|██████████| 1/1 [00:00<00:00,  7.52it/s][A[A
[2026-08-31 19:10:32]       100%|██████████| 5/5 [00:01<00:00,  3.74it/s][A[A[A[A[A[A
[2026-08-31 19:10:32]       100%|██████████| 5/5 [00:01<00:00,  3.53it/s]
[2026-08-31 19:10:32]       100%|██████████| 1/1 [00:00<00:00,  6.86it/s]
[2026-08-31 19:10:32]       100%|██████████| 1/1 [00:00<00:00,  7.35it/s]
[2026-08-31 19:10:32]       100%|██████████| 1/1 [00:00<00:00,  7.15it/s]
[2026-08-31 19:10:32]       100%|██████████| 1/1 [00:00<00:00,  6.79it/s]
[2026-08-31 19:10:32] [2/4] 校验产物...
[2026-08-31 19:10:32]       股票 184 只 | 深度分析 30 只
[2026-08-31 19:10:32]       大盘 PE=13.14 分位=59.5%  [已降级推算]
[2026-08-31 19:10:32]       耗时 142.7s
[2026-08-31 19:10:32] [3/4] 提交到 git...
[2026-08-31 19:10:32]       已提交: chore(data): 更新蓝筹价值数据 2026-08-31 19:10
[2026-08-31 19:10:32] [4/4] 推送到 GitHub Pages...
[2026-08-31 19:10:32] [FATAL] git push 失败: fatal: No configured push destination.
Either specify the URL from the command-line or configure a remote repository using

    git remote add <name> <url>

and then push using the remote name

    git push <name>
[2026-08-31 19:10:32]       若提示认证失败，先在 CMD 里执行一次（PAT 不落盘到脚本）：
[2026-08-31 19:10:32]       cmdkey /generic:git:https://github.com /user:<你的GitHub用户名> /pass:<PAT>
